// Jest Snapshot v1, https://goo.gl/fbAQLP

exports[`<Options> Render 1`] = `
<div
  className="options"
>
  <form
    className={undefined}
    onSubmit={[Function]}
  >
    <div
      className="content-block"
    >
      <input
        className="form-control"
        onChange={[Function]}
        placeholder="Url"
        value=""
      />
    </div>
    <div
      className="content-block"
    >
      <button
        className="btn btn-default"
      >
        Add
      </button>
    </div>
  </form>
  <div>
    <h4>
      URL List
    </h4>
    <div>
      http://www.facebook.com
    </div>
  </div>
</div>
`;
